 zlibwapi

 Timestamp is 4cb4cab3 (Tue Oct 12 16:53:07 2010)

 Preferred load address is 10000000

 Start         Length     Name                   Class
 0001:00000000 00012b5bH .text                   CODE
 0002:00000000 00000104H .idata$5                DATA
 0002:00000104 00000004H .CRT$XCA                DATA
 0002:00000108 00000004H .CRT$XCZ                DATA
 0002:0000010c 00000004H .CRT$XIA                DATA
 0002:00000110 00000004H .CRT$XIAA               DATA
 0002:00000114 00000004H .CRT$XIZ                DATA
 0002:00000118 000040d8H .rdata                  DATA
 0002:000041f0 00000004H .rtc$IAA                DATA
 0002:000041f4 00000004H .rtc$IZZ                DATA
 0002:000041f8 00000004H .rtc$TAA                DATA
 0002:000041fc 00000004H .rtc$TZZ                DATA
 0002:00004200 00000064H .xdata$x                DATA
 0002:00004264 00000028H .idata$2                DATA
 0002:0000428c 00000014H .idata$3                DATA
 0002:000042a0 00000104H .idata$4                DATA
 0002:000043a4 000003beH .idata$6                DATA
 0002:00004770 00000809H .edata                  DATA
 0003:00000000 00000060H .data                   DATA
 0003:00000060 00000350H .bss                    DATA
 0004:00000000 00000058H .rsrc$01                DATA
 0004:00000060 00000310H .rsrc$02                DATA

  Address         Publics by Value              Rva+Base       Lib:Object

 0000:00000000       ___safe_se_handler_table   00000000     <absolute>
 0000:00000000       ___safe_se_handler_count   00000000     <absolute>
 0000:00000000       ___ImageBase               10000000     <linker-defined>
 0001:00000000       _adler32@12                10001000 f   adler32.obj
 0001:00000490       _compress2@20              10001490 f   compress.obj
 0001:00000550       _compress@16               10001550 f   compress.obj
 0001:00000570       _compressBound@4           10001570 f   compress.obj
 0001:00000590       _get_crc_table@0           10001590 f   crc32.obj
 0001:000005a0       _crc32@12                  100015a0 f   crc32.obj
 0001:00001010       _deflateInit_@16           10002010 f   deflate.obj
 0001:00001040       _deflateInit2_@32          10002040 f   deflate.obj
 0001:00001370       _deflateSetDictionary@12   10002370 f   deflate.obj
 0001:00001540       _deflateReset@4            10002540 f   deflate.obj
 0001:00001640       _deflatePrime@12           10002640 f   deflate.obj
 0001:00001690       _deflateParams@12          10002690 f   deflate.obj
 0001:000017b0       _deflateBound@8            100027b0 f   deflate.obj
 0001:00001940       _deflate@8                 10002940 f   deflate.obj
 0001:00002780       _deflateEnd@4              10003780 f   deflate.obj
 0001:000028c0       _deflateCopy@8             100038c0 f   deflate.obj
 0001:00004030       _match_init                10005030 f   gvmat32c.obj
 0001:00004050       _longest_match             10005050 f   gvmat32c.obj
 0001:00004490       _gzopen@8                  10005490 f   gzio.obj
 0001:000044b0       _gzdopen@8                 100054b0 f   gzio.obj
 0001:000044f0       _gzsetparams@12            100054f0 f   gzio.obj
 0001:000049b0       _gzread@12                 100059b0 f   gzio.obj
 0001:00004d90       _gzgetc@4                  10005d90 f   gzio.obj
 0001:00004dd0       _gzungetc@8                10005dd0 f   gzio.obj
 0001:00004e50       _gzgets@12                 10005e50 f   gzio.obj
 0001:00004ee0       _gzwrite@12                10005ee0 f   gzio.obj
 0001:00005010       _gzprintf                  10006010 f   gzio.obj
 0001:00005090       _gzputc@8                  10006090 f   gzio.obj
 0001:000050d0       _gzputs@8                  100060d0 f   gzio.obj
 0001:00005260       _gzflush@8                 10006260 f   gzio.obj
 0001:000052c0       _gzseek@12                 100062c0 f   gzio.obj
 0001:00005540       _gzrewind@4                10006540 f   gzio.obj
 0001:000055f0       _gztell@4                  100065f0 f   gzio.obj
 0001:00005610       _gzeof@4                   10006610 f   gzio.obj
 0001:00005730       _gzclose@4                 10006730 f   gzio.obj
 0001:000057c0       _gzerror@8                 100067c0 f   gzio.obj
 0001:00005900       _gzclearerr@4              10006900 f   gzio.obj
 0001:00005950       _inflateBackInit_@20       10006950 f   infback.obj
 0001:00005a90       _inflateBack@20            10006a90 f   infback.obj
 0001:00006e80       _inflateBackEnd@4          10007e80 f   infback.obj
 0001:00006ed0       _inflateReset@4            10007ed0 f   inflate.obj
 0001:00006fc0       _inflateInit2_@16          10007fc0 f   inflate.obj
 0001:00007100       _inflateInit_@12           10008100 f   inflate.obj
 0001:00007300       _inflate@8                 10008300 f   inflate.obj
 0001:000091e0       _inflateEnd@4              1000a1e0 f   inflate.obj
 0001:00009260       _inflateSetDictionary@12   1000a260 f   inflate.obj
 0001:00009410       _inflateSync@4             1000a410 f   inflate.obj
 0001:000095a0       _inflateSyncPoint@4        1000a5a0 f   inflate.obj
 0001:000095f0       _inflateCopy@8             1000a5f0 f   inflate.obj
 0001:000097c0       _inflate_table             1000a7c0 f   inftrees.obj
 0001:00009e10       _fopen_file_func           1000ae10 f   ioapi.obj
 0001:00009e80       _fread_file_func           1000ae80 f   ioapi.obj
 0001:00009eb0       _fwrite_file_func          1000aeb0 f   ioapi.obj
 0001:00009ee0       _ftell_file_func           1000aee0 f   ioapi.obj
 0001:00009f00       _fseek_file_func           1000af00 f   ioapi.obj
 0001:00009f70       _fclose_file_func          1000af70 f   ioapi.obj
 0001:00009f90       _ferror_file_func          1000af90 f   ioapi.obj
 0001:00009fb0       _fill_fopen_filefunc       1000afb0 f   ioapi.obj
 0001:0000a010       _win32_open_file_func      1000b010 f   iowin32.obj
 0001:0000a110       _win32_read_file_func      1000b110 f   iowin32.obj
 0001:0000a180       _win32_write_file_func     1000b180 f   iowin32.obj
 0001:0000a1f0       _win32_tell_file_func      1000b1f0 f   iowin32.obj
 0001:0000a260       _win32_seek_file_func      1000b260 f   iowin32.obj
 0001:0000a310       _win32_close_file_func     1000b310 f   iowin32.obj
 0001:0000a360       _win32_error_file_func     1000b360 f   iowin32.obj
 0001:0000a390       _fill_win32_filefunc       1000b390 f   iowin32.obj
 0001:0000a400       __tr_init                  1000b400 f   trees.obj
 0001:0000c040       __tr_stored_block          1000d040 f   trees.obj
 0001:0000c180       __tr_align                 1000d180 f   trees.obj
 0001:0000c640       __tr_flush_block           1000d640 f   trees.obj
 0001:0000d570       _uncompress@16             1000e570 f   uncompr.obj
 0001:0000d7e0       _unzStringFileNameCompare@12 1000e7e0 f   unzip.obj
 0001:0000d820       _unzOpen2@8                1000e820 f   unzip.obj
 0001:0000daf0       _unzOpen@4                 1000eaf0 f   unzip.obj
 0001:0000db10       _unzClose@4                1000eb10 f   unzip.obj
 0001:0000db70       _unzGetGlobalInfo@8        1000eb70 f   unzip.obj
 0001:0000e0f0       _unzGetCurrentFileInfo@32  1000f0f0 f   unzip.obj
 0001:0000e130       _unzGoToFirstFile@4        1000f130 f   unzip.obj
 0001:0000e1b0       _unzGoToNextFile@4         1000f1b0 f   unzip.obj
 0001:0000e280       _unzLocateFile@12          1000f280 f   unzip.obj
 0001:0000e3a0       _unzGetFilePos@8           1000f3a0 f   unzip.obj
 0001:0000e3f0       _unzGoToFilePos@8          1000f3f0 f   unzip.obj
 0001:0000e740       _unzOpenCurrentFile3@20    1000f740 f   unzip.obj
 0001:0000eb30       _unzOpenCurrentFile@4      1000fb30 f   unzip.obj
 0001:0000eb50       _unzOpenCurrentFilePassword@8 1000fb50 f   unzip.obj
 0001:0000eb70       _unzOpenCurrentFile2@16    1000fb70 f   unzip.obj
 0001:0000eb90       _unzReadCurrentFile@12     1000fb90 f   unzip.obj
 0001:0000efc0       _unztell@4                 1000ffc0 f   unzip.obj
 0001:0000f000       _unzeof@4                  10010000 f   unzip.obj
 0001:0000f050       _unzGetLocalExtrafield@12  10010050 f   unzip.obj
 0001:0000f130       _unzCloseCurrentFile@4     10010130 f   unzip.obj
 0001:0000f210       _unzGetGlobalComment@12    10010210 f   unzip.obj
 0001:0000fb90       _zipOpen2@16               10010b90 f   zip.obj
 0001:000100e0       _zipOpen@8                 100110e0 f   zip.obj
 0001:00010100       _zipOpenNewFileInZip3@64   10011100 f   zip.obj
 0001:000108a0       _zipOpenNewFileInZip2@44   100118a0 f   zip.obj
 0001:000108f0       _zipOpenNewFileInZip@40    100118f0 f   zip.obj
 0001:00010a20       _zipWriteInFileInZip@12    10011a20 f   zip.obj
 0001:00010c00       _zipCloseFileInZipRaw@12   10011c00 f   zip.obj
 0001:00010f20       _zipCloseFileInZip@4       10011f20 f   zip.obj
 0001:00010f40       _zipClose@8                10011f40 f   zip.obj
 0001:00011210       _zlibVersion@0             10012210 f   zutil.obj
 0001:00011220       _zlibCompileFlags@0        10012220 f   zutil.obj
 0001:00011350       _zError@4                  10012350 f   zutil.obj
 0001:00011370       _zcalloc                   10012370 f   zutil.obj
 0001:000113a0       _zcfree                    100123a0 f   zutil.obj
 0001:000113b4       _longest_match_7fff        100123b4 f   gvmat32.obj
 0001:00011895       _cpudetect32               10012895 f   gvmat32.obj
 0001:000118d3       _longest_match_686         100128d3 f   gvmat32.obj
 0001:00011ac0       _inflate_fast              10012ac0 f   inffas32.obj
 0001:0001225c       _memcpy                    1001325c f   MSVCRT:MSVCR90.dll
 0001:00012262       _memset                    10013262 f   MSVCRT:MSVCR90.dll
 0001:00012268       _strlen                    10013268 f   MSVCRT:MSVCR90.dll
 0001:0001226e       _strcpy                    1001326e f   MSVCRT:MSVCR90.dll
 0001:00012274       _strcat                    10013274 f   MSVCRT:MSVCR90.dll
 0001:0001227a       _strcmp                    1001327a f   MSVCRT:MSVCR90.dll
 0001:000122cf       __CRT_INIT@12              100132cf f   MSVCRT:crtdll.obj
 0001:0001260b       __DllMainCRTStartup@12     1001360b f   MSVCRT:crtdll.obj
 0001:0001262e       ___clean_type_info_names   1001362e f   MSVCRT:tncleanup.obj
 0001:0001263a       __onexit                   1001363a f   MSVCRT:atonexit.obj
 0001:000126df       _atexit                    100136df f   MSVCRT:atonexit.obj
 0001:000126f6       __RTC_Initialize           100136f6 f   MSVCRT:_initsect_.obj
 0001:0001271c       __RTC_Terminate            1001371c f   MSVCRT:_initsect_.obj
 0001:00012750       __ValidateImageBase        10013750 f   MSVCRT:pesect.obj
 0001:00012790       __FindPESection            10013790 f   MSVCRT:pesect.obj
 0001:000127e0       __IsNonwritableInCurrentImage 100137e0 f   MSVCRT:pesect.obj
 0001:0001289e       __initterm                 1001389e f   MSVCRT:MSVCR90.dll
 0001:000128a4       __initterm_e               100138a4 f   MSVCRT:MSVCR90.dll
 0001:000128aa       __amsg_exit                100138aa f   MSVCRT:MSVCR90.dll
 0001:000128b0       ___CppXcptFilter           100138b0 f   MSVCRT:MSVCR90.dll
 0001:000128b6       _DllMain@12                100138b6 f   MSVCRT:dllmain.obj
 0001:000128dc       __SEH_prolog4              100138dc f   MSVCRT:sehprolg4.obj
 0001:00012921       __SEH_epilog4              10013921 f   MSVCRT:sehprolg4.obj
 0001:00012935       __except_handler4          10013935 f   MSVCRT:chandler4gs.obj
 0001:0001295a       ___security_init_cookie    1001395a f   MSVCRT:gs_support.obj
 0001:000129f0       ___clean_type_info_names_internal 100139f0 f   MSVCRT:MSVCR90.dll
 0001:000129f6       __unlock                   100139f6 f   MSVCRT:MSVCR90.dll
 0001:000129fc       ___dllonexit               100139fc f   MSVCRT:MSVCR90.dll
 0001:00012a02       __lock                     10013a02 f   MSVCRT:MSVCR90.dll
 0001:00012a08       @__security_check_cookie@4 10013a08 f   MSVCRT:secchk.obj
 0001:00012a18       __except_handler4_common   10013a18 f   MSVCRT:MSVCR90.dll
 0001:00012a1e       ___report_gsfailure        10013a1e f   MSVCRT:gs_report.obj
 0001:00012b24       __crt_debugger_hook        10013b24 f   MSVCRT:MSVCR90.dll
 0001:00012b30       __chkstk                   10013b30 f   MSVCRT:chkstk.obj
 0001:00012b30       __alloca_probe             10013b30     MSVCRT:chkstk.obj
 0002:00000000       __imp__CreateFileA@28      10014000     kernel32:KERNEL32.dll
 0002:00000004       __imp__SetFilePointer@16   10014004     kernel32:KERNEL32.dll
 0002:00000008       __imp__WriteFile@20        10014008     kernel32:KERNEL32.dll
 0002:0000000c       __imp__ReadFile@20         1001400c     kernel32:KERNEL32.dll
 0002:00000010       __imp__GetLastError@0      10014010     kernel32:KERNEL32.dll
 0002:00000014       __imp__CloseHandle@4       10014014     kernel32:KERNEL32.dll
 0002:00000018       __imp__SetUnhandledExceptionFilter@4 10014018     kernel32:KERNEL32.dll
 0002:0000001c       __imp__UnhandledExceptionFilter@4 1001401c     kernel32:KERNEL32.dll
 0002:00000020       __imp__GetCurrentProcess@0 10014020     kernel32:KERNEL32.dll
 0002:00000024       __imp__TerminateProcess@8  10014024     kernel32:KERNEL32.dll
 0002:00000028       __imp__GetSystemTimeAsFileTime@4 10014028     kernel32:KERNEL32.dll
 0002:0000002c       __imp__GetCurrentProcessId@0 1001402c     kernel32:KERNEL32.dll
 0002:00000030       __imp__GetCurrentThreadId@0 10014030     kernel32:KERNEL32.dll
 0002:00000034       __imp__GetTickCount@0      10014034     kernel32:KERNEL32.dll
 0002:00000038       __imp__QueryPerformanceCounter@4 10014038     kernel32:KERNEL32.dll
 0002:0000003c       __imp__DisableThreadLibraryCalls@4 1001403c     kernel32:KERNEL32.dll
 0002:00000040       __imp__InterlockedCompareExchange@12 10014040     kernel32:KERNEL32.dll
 0002:00000044       __imp__Sleep@4             10014044     kernel32:KERNEL32.dll
 0002:00000048       __imp__InterlockedExchange@8 10014048     kernel32:KERNEL32.dll
 0002:0000004c       __imp__IsDebuggerPresent@0 1001404c     kernel32:KERNEL32.dll
 0002:00000050       \177KERNEL32_NULL_THUNK_DATA 10014050     kernel32:KERNEL32.dll
 0002:00000054       __imp___vsnprintf          10014054     MSVCRT:MSVCR90.dll
 0002:00000058       __imp__ferror              10014058     MSVCRT:MSVCR90.dll
 0002:0000005c       __imp__fwrite              1001405c     MSVCRT:MSVCR90.dll
 0002:00000060       __imp__ftell               10014060     MSVCRT:MSVCR90.dll
 0002:00000064       __imp__fseek               10014064     MSVCRT:MSVCR90.dll
 0002:00000068       __imp__fclose              10014068     MSVCRT:MSVCR90.dll
 0002:0000006c       __imp__clearerr            1001406c     MSVCRT:MSVCR90.dll
 0002:00000070       __imp__strcat              10014070     MSVCRT:MSVCR90.dll
 0002:00000074       __imp___fdopen             10014074     MSVCRT:MSVCR90.dll
 0002:00000078       __imp__strcmp              10014078     MSVCRT:MSVCR90.dll
 0002:0000007c       __imp__rand                1001407c     MSVCRT:MSVCR90.dll
 0002:00000080       __imp__fprintf             10014080     MSVCRT:MSVCR90.dll
 0002:00000084       __imp___time64             10014084     MSVCRT:MSVCR90.dll
 0002:00000088       __imp___encode_pointer     10014088     MSVCRT:MSVCR90.dll
 0002:0000008c       __imp___malloc_crt         1001408c     MSVCRT:MSVCR90.dll
 0002:00000090       __imp___encoded_null       10014090     MSVCRT:MSVCR90.dll
 0002:00000094       __imp___decode_pointer     10014094     MSVCRT:MSVCR90.dll
 0002:00000098       __imp___initterm           10014098     MSVCRT:MSVCR90.dll
 0002:0000009c       __imp___initterm_e         1001409c     MSVCRT:MSVCR90.dll
 0002:000000a0       __imp___amsg_exit          100140a0     MSVCRT:MSVCR90.dll
 0002:000000a4       __imp___adjust_fdiv        100140a4     MSVCRT:MSVCR90.dll
 0002:000000a8       __imp____CppXcptFilter     100140a8     MSVCRT:MSVCR90.dll
 0002:000000ac       __imp____clean_type_info_names_internal 100140ac     MSVCRT:MSVCR90.dll
 0002:000000b0       __imp___unlock             100140b0     MSVCRT:MSVCR90.dll
 0002:000000b4       __imp____dllonexit         100140b4     MSVCRT:MSVCR90.dll
 0002:000000b8       __imp___lock               100140b8     MSVCRT:MSVCR90.dll
 0002:000000bc       __imp___onexit             100140bc     MSVCRT:MSVCR90.dll
 0002:000000c0       __imp___except_handler4_common 100140c0     MSVCRT:MSVCR90.dll
 0002:000000c4       __imp___crt_debugger_hook  100140c4     MSVCRT:MSVCR90.dll
 0002:000000c8       __imp__fread               100140c8     MSVCRT:MSVCR90.dll
 0002:000000cc       __imp__fopen               100140cc     MSVCRT:MSVCR90.dll
 0002:000000d0       __imp___errno              100140d0     MSVCRT:MSVCR90.dll
 0002:000000d4       __imp__fflush              100140d4     MSVCRT:MSVCR90.dll
 0002:000000d8       __imp__strcpy              100140d8     MSVCRT:MSVCR90.dll
 0002:000000dc       __imp__strlen              100140dc     MSVCRT:MSVCR90.dll
 0002:000000e0       __imp__strerror            100140e0     MSVCRT:MSVCR90.dll
 0002:000000e4       __imp__malloc              100140e4     MSVCRT:MSVCR90.dll
 0002:000000e8       __imp__free                100140e8     MSVCRT:MSVCR90.dll
 0002:000000ec       __imp__sprintf             100140ec     MSVCRT:MSVCR90.dll
 0002:000000f0       __imp__fputc               100140f0     MSVCRT:MSVCR90.dll
 0002:000000f4       __imp__memset              100140f4     MSVCRT:MSVCR90.dll
 0002:000000f8       __imp__memcpy              100140f8     MSVCRT:MSVCR90.dll
 0002:000000fc       __imp__srand               100140fc     MSVCRT:MSVCR90.dll
 0002:00000100       \177MSVCR90_NULL_THUNK_DATA 10014100     MSVCRT:MSVCR90.dll
 0002:00000104       ___xc_a                    10014104     MSVCRT:cinitexe.obj
 0002:00000108       ___xc_z                    10014108     MSVCRT:cinitexe.obj
 0002:0000010c       ___xi_a                    1001410c     MSVCRT:cinitexe.obj
 0002:00000114       ___xi_z                    10014114     MSVCRT:cinitexe.obj
 0002:00000118       __pRawDllMain              10014118     MSVCRT:crtdll.obj
 0002:00000118       __pDefaultRawDllMain       10014118     MSVCRT:crtdll.obj
 0002:00000124       ??_C@_05GDHACFMB@1?42?43?$AA@ 10014124     compress.obj
 0002:00000130       _z_errmsg                  10014130     zutil.obj
 0002:00000158       _zip_copyright             10014158     zip.obj
 0002:000001a8       _unz_copyright             100141a8     unzip.obj
 0002:00000848       __dist_code                10014848     trees.obj
 0002:00000a48       __length_code              10014a48     trees.obj
 0002:00000c38       _inflate_copyright         10014c38     inftrees.obj
 0002:00001ec0       _deflate_copyright         10015ec0     deflate.obj
 0002:00003f78       ??_C@_0BF@FJABJDFD@?$CFc?$CFc?$CFc?$CFc?$CFc?$CFc?$CFc?$CFc?$CFc?$CFc?$AA@ 10017f78     gzio.obj
 0002:00003f90       ??_C@_07EBNKNFJN@?$DMfd?3?$CFd?$DO?$AA@ 10017f90     gzio.obj
 0002:00003f98       ??_C@_00CNPNBAHC@?$AA@     10017f98     gzio.obj
 0002:00003f9c       ??_C@_02LMMGGCAJ@?3?5?$AA@ 10017f9c     gzio.obj
 0002:00003fa0       ??_C@_0BD@PJCBIDD@invalid?5block?5type?$AA@ 10017fa0     infback.obj
 0002:00003fb4       ??_C@_0BN@LGAADGOK@invalid?5stored?5block?5lengths?$AA@ 10017fb4     infback.obj
 0002:00003fd4       ??_C@_0CE@GMIGFPBB@too?5many?5length?5or?5distance?5symb@ 10017fd4     infback.obj
 0002:00003ff8       ??_C@_0BJ@HDEPPGOH@invalid?5code?5lengths?5set?$AA@ 10017ff8     infback.obj
 0002:00004014       ??_C@_0BK@BMMPFBBH@invalid?5bit?5length?5repeat?$AA@ 10018014     infback.obj
 0002:00004030       ??_C@_0BM@IIMGAINC@invalid?5literal?1lengths?5set?$AA@ 10018030     infback.obj
 0002:0000404c       ??_C@_0BG@GMDFCBGP@invalid?5distances?5set?$AA@ 1001804c     infback.obj
 0002:00004064       ??_C@_0BM@FFFLPBBC@invalid?5literal?1length?5code?$AA@ 10018064     infback.obj
 0002:00004080       ??_C@_0BG@LBKINIKP@invalid?5distance?5code?$AA@ 10018080     infback.obj
 0002:00004098       ??_C@_0BO@ECPMAOGG@invalid?5distance?5too?5far?5back?$AA@ 10018098     infback.obj
 0002:000040b8       ??_C@_0BH@LIBMMIGA@incorrect?5header?5check?$AA@ 100180b8     inflate.obj
 0002:000040d0       ??_C@_0BL@IHKGDAEE@unknown?5compression?5method?$AA@ 100180d0     inflate.obj
 0002:000040ec       ??_C@_0BE@EMOGCLGO@invalid?5window?5size?$AA@ 100180ec     inflate.obj
 0002:00004100       ??_C@_0BJ@BLBBCOMO@unknown?5header?5flags?5set?$AA@ 10018100     inflate.obj
 0002:0000411c       ??_C@_0BE@GONKLEPM@header?5crc?5mismatch?$AA@ 1001811c     inflate.obj
 0002:00004130       ??_C@_0BF@MEIGEHBE@incorrect?5data?5check?$AA@ 10018130     inflate.obj
 0002:00004148       ??_C@_0BH@FGKKJGOC@incorrect?5length?5check?$AA@ 10018148     inflate.obj
 0002:00004160       ??_C@_02JDPG@rb?$AA@       10018160     ioapi.obj
 0002:00004164       ??_C@_03HMFOOINA@r?$CLb?$AA@ 10018164     ioapi.obj
 0002:00004168       ??_C@_02GMLFBBN@wb?$AA@    10018168     ioapi.obj
 0002:0000416c       ??_C@_01JOAMLHOP@?9?$AA@   1001816c     zip.obj
 0002:00004170       ??_C@_0BF@CJFPCCEG@incompatible?5version?$AA@ 10018170     zutil.obj
 0002:00004188       ??_C@_0N@DFPGLBGC@buffer?5error?$AA@ 10018188     zutil.obj
 0002:00004198       ??_C@_0BE@OGGJBMCE@insufficient?5memory?$AA@ 10018198     zutil.obj
 0002:000041ac       ??_C@_0L@HAHMBNLP@data?5error?$AA@ 100181ac     zutil.obj
 0002:000041b8       ??_C@_0N@MKKNPMJD@stream?5error?$AA@ 100181b8     zutil.obj
 0002:000041c8       ??_C@_0L@KIJFAKBJ@file?5error?$AA@ 100181c8     zutil.obj
 0002:000041d4       ??_C@_0L@FNAOCBOG@stream?5end?$AA@ 100181d4     zutil.obj
 0002:000041e0       ??_C@_0BA@MOKMMFOD@need?5dictionary?$AA@ 100181e0     zutil.obj
 0002:000041f0       ___rtc_iaa                 100181f0     MSVCRT:_initsect_.obj
 0002:000041f4       ___rtc_izz                 100181f4     MSVCRT:_initsect_.obj
 0002:000041f8       ___rtc_taa                 100181f8     MSVCRT:_initsect_.obj
 0002:000041fc       ___rtc_tzz                 100181fc     MSVCRT:_initsect_.obj
 0002:00004264       __IMPORT_DESCRIPTOR_KERNEL32 10018264     kernel32:KERNEL32.dll
 0002:00004278       __IMPORT_DESCRIPTOR_MSVCR90 10018278     MSVCRT:MSVCR90.dll
 0002:0000428c       __NULL_IMPORT_DESCRIPTOR   1001828c     kernel32:KERNEL32.dll
 0003:00000004       ___native_dllmain_reason   10019004     MSVCRT:natstart.obj
 0003:00000008       ___native_vcclrit_reason   10019008     MSVCRT:natstart.obj
 0003:0000000c       ___security_cookie         1001900c     MSVCRT:gs_cookie.obj
 0003:00000010       ___security_cookie_complement 10019010     MSVCRT:gs_cookie.obj
 0003:00000064       ?__type_info_root_node@@3U__type_info_node@@A 10019064     MSVCRT:tncleanup.obj
 0003:00000398       __adjust_fdiv              10019398     <common>
 0003:0000039c       ___native_startup_state    1001939c     <common>
 0003:000003a0       ___native_startup_lock     100193a0     <common>
 0003:000003a4       ___onexitend               100193a4     <common>
 0003:000003a8       ___onexitbegin             100193a8     <common>
 0003:000003ac       ___dyn_tls_init_callback   100193ac     <common>

 entry point at        0001:0001260b

 Static symbols

 0001:000007b0       _crc32_little              100017b0 f    CIL library: CIL module
 0001:00000bb0       _crc32_big                 10001bb0 f    CIL library: CIL module
 0001:00001820       _putShortMSB               10002820 f    CIL library: CIL module
 0001:00001870       _flush_pending             10002870 f    CIL library: CIL module
 0001:00002b20       _read_buf                  10003b20 f    CIL library: CIL module
 0001:00002bf0       _lm_init                   10003bf0 f    CIL library: CIL module
 0001:00002cf0       _longest_match_fast        10003cf0 f    CIL library: CIL module
 0001:00002ee0       _fill_window               10003ee0 f    CIL library: CIL module
 0001:00003110       _deflate_stored            10004110 f    CIL library: CIL module
 0001:00003350       _deflate_fast              10004350 f    CIL library: CIL module
 0001:000038f0       _deflate_slow              100048f0 f    CIL library: CIL module
 0001:000040a0       _gz_open                   100050a0 f    CIL library: CIL module
 0001:00004580       _get_byte                  10005580 f    CIL library: CIL module
 0001:00004640       _check_header              10005640 f    CIL library: CIL module
 0001:00004890       _destroy                   10005890 f    CIL library: CIL module
 0001:00005100       _do_flush                  10006100 f    CIL library: CIL module
 0001:00005660       _putLong                   10006660 f    CIL library: CIL module
 0001:000056b0       _getLong                   100066b0 f    CIL library: CIL module
 0001:00005a60       _fixedtables               10006a60 f    CIL library: CIL module
 0001:00007120       _fixedtables               10008120 f    CIL library: CIL module
 0001:00007150       _updatewindow              10008150 f    CIL library: CIL module
 0001:00009380       _syncsearch                1000a380 f    CIL library: CIL module
 0001:0000a3f0       _tr_static_init            1000b3f0 f    CIL library: CIL module
 0001:0000a4a0       _init_block                1000b4a0 f    CIL library: CIL module
 0001:0000a570       _pqdownheap                1000b570 f    CIL library: CIL module
 0001:0000a700       _gen_bitlen                1000b700 f    CIL library: CIL module
 0001:0000aa10       _gen_codes                 1000ba10 f    CIL library: CIL module
 0001:0000aad0       _build_tree                1000bad0 f    CIL library: CIL module
 0001:0000ae70       _scan_tree                 1000be70 f    CIL library: CIL module
 0001:0000b010       _send_tree                 1000c010 f    CIL library: CIL module
 0001:0000ba80       _build_bl_tree             1000ca80 f    CIL library: CIL module
 0001:0000bb40       _send_all_trees            1000cb40 f    CIL library: CIL module
 0001:0000ca00       _compress_block            1000da00 f    CIL library: CIL module
 0001:0000d1f0       _set_data_type             1000e1f0 f    CIL library: CIL module
 0001:0000d270       _bi_reverse                1000e270 f    CIL library: CIL module
 0001:0000d2b0       _bi_flush                  1000e2b0 f    CIL library: CIL module
 0001:0000d3a0       _bi_windup                 1000e3a0 f    CIL library: CIL module
 0001:0000d460       _copy_block                1000e460 f    CIL library: CIL module
 0001:0000d640       _decrypt_byte              1000e640 f    CIL library: CIL module
 0001:0000d640       _decrypt_byte              1000e640 f    CIL library: CIL module
 0001:0000d670       _init_keys                 1000e670 f    CIL library: CIL module
 0001:0000d670       _init_keys                 1000e670 f    CIL library: CIL module
 0001:0000d6c0       _unzlocal_getByte          1000e6c0 f    CIL library: CIL module
 0001:0000d6c0       _ziplocal_getByte          1000e6c0 f    CIL library: CIL module
 0001:0000d730       _strcmpcasenosensitive_internal 1000e730 f    CIL library: CIL module
 0001:0000dba0       _unzlocal_DosDateToTmuDate 1000eba0 f    CIL library: CIL module
 0001:0000dc20       _unzlocal_GetCurrentFileInfoInternal 1000ec20 f    CIL library: CIL module
 0001:0000e470       _unzlocal_CheckCurrentFileCoherencyHeader 1000f470 f    CIL library: CIL module
 0001:0000f2e0       _update_keys               100102e0 f    CIL library: CIL module
 0001:0000f2e0       _update_keys               100102e0 f    CIL library: CIL module
 0001:0000f370       _crypthead                 10010370 f    CIL library: CIL module
 0001:0000f540       _allocate_new_datablock    10010540 f    CIL library: CIL module
 0001:0000f580       _free_datablock            10010580 f    CIL library: CIL module
 0001:0000f5c0       _init_linkedlist           100105c0 f    CIL library: CIL module
 0001:0000f5e0       _add_data_in_datablock     100105e0 f    CIL library: CIL module
 0001:0000f710       _ziplocal_putValue         10010710 f    CIL library: CIL module
 0001:0000f7b0       _ziplocal_putValue_inmemory 100107b0 f    CIL library: CIL module
 0001:0000f820       _ziplocal_TmzDateToDosDate 10010820 f    CIL library: CIL module
 0001:0000f8a0       _ziplocal_getShort         100108a0 f    CIL library: CIL module
 0001:0000f8a0       _unzlocal_getShort         100108a0 f    CIL library: CIL module
 0001:0000f910       _unzlocal_getLong          10010910 f    CIL library: CIL module
 0001:0000f910       _ziplocal_getLong          10010910 f    CIL library: CIL module
 0001:0000f9d0       _unzlocal_SearchCentralDir 100109d0 f    CIL library: CIL module
 0001:0000f9d0       _ziplocal_SearchCentralDir 100109d0 f    CIL library: CIL module
 0001:00010930       _zipFlushWriteBuffer       10011930 f    CIL library: CIL module
 0001:00011ac0       $$$00001                   10012ac0 f   inffas32.obj
 0001:00011af0       invalid_literal_length_code_msg 10012af0 f   inffas32.obj
 0001:00011b0c       invalid_distance_code_msg  10012b0c f   inffas32.obj
 0001:00011b24       invalid_distance_too_far_msg 10012b24 f   inffas32.obj
 0001:00011b44       inflate_fast_mask          10012b44 f   inffas32.obj
 0001:00011bc8       inflate_fast_entry         10012bc8 f   inffas32.obj
 0001:00011c82       L_align_long               10012c82 f   inffas32.obj
 0001:00011c9a       L_is_aligned               10012c9a f   inffas32.obj
 0001:00011c9e       L_check_mmx                10012c9e f   inffas32.obj
 0001:00011cfb       L_use_mmx                  10012cfb f   inffas32.obj
 0001:00011d07       L_dont_use_mmx             10012d07 f   inffas32.obj
 0001:00011d11       L_check_mmx_pop            10012d11 f   inffas32.obj
 0001:00011d18       L_do_loop                  10012d18 f   inffas32.obj
 0001:00011d2a       L_get_length_code          10012d2a f   inffas32.obj
 0001:00011d36       L_dolen                    10012d36 f   inffas32.obj
 0001:00011d44       L_while_test               10012d44 f   inffas32.obj
 0001:00011d59       L_test_for_length_base     10012d59 f   inffas32.obj
 0001:00011d82       L_add_bits_to_len          10012d82 f   inffas32.obj
 0001:00011d92       L_save_len                 10012d92 f   inffas32.obj
 0001:00011d96       L_decode_distance          10012d96 f   inffas32.obj
 0001:00011da8       L_get_distance_code        10012da8 f   inffas32.obj
 0001:00011db5       L_dodist                   10012db5 f   inffas32.obj
 0001:00011de4       L_add_bits_to_dist         10012de4 f   inffas32.obj
 0001:00011df6       L_check_window             10012df6 f   inffas32.obj
 0001:00011e34       L_check_dist_one           10012e34 f   inffas32.obj
 0001:00011e5c       L_test_for_second_level_length 10012e5c f   inffas32.obj
 0001:00011e7c       L_test_for_second_level_dist 10012e7c f   inffas32.obj
 0001:00011e9c       L_clip_window              10012e9c f   inffas32.obj
 0001:00011edd       L_wrap_around_window       10012edd f   inffas32.obj
 0001:00011f11       L_contiguous_in_window     10012f11 f   inffas32.obj
 0001:00011f25       L_do_copy1                 10012f25 f   inffas32.obj
 0001:00011f34       L_init_mmx                 10012f34 f   inffas32.obj
 0001:00011f54       L_do_loop_mmx              10012f54 f   inffas32.obj
 0001:00011f6e       L_get_length_code_mmx      10012f6e f   inffas32.obj
 0001:00011f7a       L_dolen_mmx                10012f7a f   inffas32.obj
 0001:00011f8a       L_while_test_mmx           10012f8a f   inffas32.obj
 0001:00011f9f       L_test_for_length_base_mmx 10012f9f f   inffas32.obj
 0001:00011fc5       L_decode_distance_mmx      10012fc5 f   inffas32.obj
 0001:00011fdf       L_get_dist_code_mmx        10012fdf f   inffas32.obj
 0001:00011fef       L_dodist_mmx               10012fef f   inffas32.obj
 0001:00012009       L_add_bits_to_dist_mmx     10013009 f   inffas32.obj
 0001:0001201d       L_check_window_mmx         1001301d f   inffas32.obj
 0001:00012060       L_check_dist_one_mmx       10013060 f   inffas32.obj
 0001:0001208c       L_test_for_second_level_length_mmx 1001308c f   inffas32.obj
 0001:000120b0       L_test_for_second_level_dist_mmx 100130b0 f   inffas32.obj
 0001:000120d8       L_clip_window_mmx          100130d8 f   inffas32.obj
 0001:00012115       L_wrap_around_window_mmx   10013115 f   inffas32.obj
 0001:00012145       L_contiguous_in_window_mmx 10013145 f   inffas32.obj
 0001:00012155       L_do_copy1_mmx             10013155 f   inffas32.obj
 0001:00012166       L_invalid_distance_code    10013166 f   inffas32.obj
 0001:00012172       L_test_for_end_of_block    10013172 f   inffas32.obj
 0001:00012182       L_invalid_literal_length_code 10013182 f   inffas32.obj
 0001:0001218e       L_invalid_distance_too_far 1001318e f   inffas32.obj
 0001:0001219e       L_update_stream_state      1001319e f   inffas32.obj
 0001:000121a9       L_skip_msg                 100131a9 f   inffas32.obj
 0001:000121b0       L_break_loop               100131b0 f   inffas32.obj
 0001:000121bb       L_update_next_in           100131bb f   inffas32.obj
 0001:000121f4       L_buf_not_used             100131f4 f   inffas32.obj
 0001:0001220f       L_update_hold              1001320f f   inffas32.obj
 0001:00012226       L_last_is_smaller          10013226 f   inffas32.obj
 0001:00012230       L_fixup_out                10013230 f   inffas32.obj
 0001:00012245       L_end_is_smaller           10013245 f   inffas32.obj
 0001:00012252       L_done                     10013252 f   inffas32.obj
 0001:00012280       _pre_c_init                10013280 f   MSVCRT:crtdll.obj
 0001:000124f5       ___DllMainCRTStartup       100134f5 f   MSVCRT:crtdll.obj
 0003:00000000       inflate_fast_use_mmx       10019000 f   inffas32.obj
